   1               		.file	"main.c"
   2               	__SREG__ = 0x3f
   3               	__SP_H__ = 0x3e
   4               	__SP_L__ = 0x3d
   5               	__CCP__  = 0x34
   6               	__tmp_reg__ = 0
   7               	__zero_reg__ = 1
   9               		.text
  10               	.Ltext0:
  69               	.global	main
  71               	main:
   1:main.c        **** /************************************************** Program Title ******************
   2:main.c        **** 
   3:main.c        **** Taking input from switch & glowing LED using Switch Case 
   4:main.c        **** 
   5:main.c        **** ************************************************** Company/HW/SW etc Details ******
   6:main.c        **** 
   7:main.c        **** COPYRIGHT(C)Technophilia Systems
   8:main.c        **** Date:...............10th AUG 2013
   9:main.c        **** Author:.............Technophilia R&D Team
  10:main.c        **** Organization:.......Technophilia Syestems
  11:main.c        **** Target System:......AVR Devlopment Board S/N-118010
  12:main.c        **** Manufacturer:.......Technophilia Syestems
  13:main.c        **** Microcontroller:....ATmega-8
  14:main.c        **** Clock:..............12mhz
  15:main.c        **** Compiler Used:...........WinAVR-20100110
  16:main.c        **** 
  17:main.c        **** ************************************************** Connection Details *************
  18:main.c        **** 
  19:main.c        **** PORTC 0   - Switch (Gives Low Input to UC)
  20:main.c        **** PORTB 0-3 - LED (Active High)
  21:main.c        **** PORTC 0   - Switch (Gives Low Input to UC)
  22:main.c        **** PORTB 0-3 - LED (Active High)
  23:main.c        **** 
  24:main.c        **** *PORTC 0   - Switch (Gives Low Input to UC)
  25:main.c        **** PORTB 0-3 - LED (Active High)
  26:main.c        **** 
  27:main.c        **** **************************************************Program ***********************/
  28:main.c        **** 
  29:main.c        **** #include<avr/io.h>				//This is the header for AVR Microcontroller.
  30:main.c        **** 
  31:main.c        **** int main(void)
  32:main.c        **** {
  72               	rame size = 0 */
  74               	.LM1:
  75               		out 52-32,__zero_reg__
  33:main.c        **** 	DDRC=0x00;					// PORTC data direction configuration as input port.
  77               	n	68,0,33,.LM1-.LFBB1
  78               	.LM1:
  79 0000 14BA      		out 52-32,__zero_reg__
  34:main.c        **** 	PORTC=0x01;					// PORTC lowest bit initialization as high (Pull-up mode)
  80               	/
  81               	/* frame size = 0 */
  83 0004 85BB      	.LM1:
  35:main.c        **** 		
  36:main.c        **** 	DDRB=0x0F;					// PORTB lower nibble data direction configuration as output port.
  84               	:
  85               	/* prologue: function */
  86 0006 8FE0      	/* frame size = 0 */
  37:main.c        **** 	PORTB=0x00;					// Initial value to PORTB is 00
  88               	
  89               	.LFBB1:
  90 000a 18BA      	/* prologue: function */
  91 000c 80E0      	/* frame size = 0 */
  38:main.c        **** 	
  39:main.c        **** 	unsigned char i=0;
  40:main.c        **** 	
  41:main.c        **** 	while(1)
  42:main.c        **** 	{
  43:main.c        **** 		
  44:main.c        **** 		if((PINC & 0x01)==0x00)			//checking for switch press at s0. 
  45:main.c        **** 			{
  46:main.c        **** 				i++;	
  47:main.c        **** 				if(i>4)
  48:main.c        **** 				{	
  49:main.c        **** 					i=0;
  50:main.c        **** 				}
  51:main.c        **** 				while((PINC & 0x01)==0x00);	
  52:main.c        **** 			}
  53:main.c        **** 		switch(i)
  54:main.c        **** 			{
  55:main.c        **** 				case 0:
  56:main.c        **** 					PORTB=0x00;				//Turning Off All four LED
  57:main.c        **** 				break;
  58:main.c        **** 				case 1:
  59:main.c        **** 					PORTB=0x01;				//glow LED0
  60:main.c        **** 				break;
  61:main.c        **** 				case 2:
  62:main.c        **** 					PORTB=0x02;				//glow LED1
  63:main.c        **** 				break;
  64:main.c        **** 				case 3:
  65:main.c        **** 					PORTB=0x04;				//glow LED2
  92               	abn	68,0,32,.LM0-.LFBB1
  93               	.LM0:
  94 000e 24E0      	.LFBB1:
  66:main.c        **** 				break;
  67:main.c        **** 				case 4:
  68:main.c        **** 					PORTB=0x08;				//glow LED3
  95               	n
  96               	.global	main
  98               	main:
 100               	.LM0:
 101 0012 9899      	.LFBB1:
 102 0014 00C0      	/* prologue: function */
 103               	/* frame size = 0 */
 105 0016 8F5F      	.LM1:
 106               		out 52-32,__zero_reg__
 108 0018 8530      	.LM2:
 109 001a 00F0      		ldi r24,lo8(1)
 110 001c 80E0      		out 53-32,r24
 112               	.LM3:
 113               		ldi r24,lo8(15)
 114 001e 989B      		out 55-32,r24
 116               	.LM4:
 117               		out 56-32,__zero_reg__
 118               		ldi r24,lo8(0)
 120 0024 01F0      	.LM5:
 121 0026 8330      		ldi r18,lo8(4)
 123 002a 8823      	.LM6:
 124 002c 01F0      		ldi r25,lo8(8)
 125 002e 8130      	.L14:
 127 0032 00C0      	.LM7:
 128               		sbic 51-32,0
 129 0034 8330      		rjmp .L3
 131 0038 8430      	.LM8:
 132 003a 01F4      		subi r24,lo8(-(1))
 134               	.LM9:
 135               		cpi r24,lo8(5)
 136               		brlo .L12
 137 003e 18BA      		ldi r24,lo8(0)
 138 0040 00C0      	.L12:
 140               	.LM10:
 141               		sbis 51-32,0
 142 0042 88BB      		rjmp .L12
 143 0044 00C0      	.L3:
 145               	.LM11:
 146               		cpi r24,lo8(2)
 147 0046 28BB      		breq .L7
 148 0048 00C0      		cpi r24,lo8(3)
 149               		brsh .L10
 150               		tst r24
 151               		breq .L5
 152 004a 98BB      		cpi r24,lo8(1)
 153 004c 00C0      		brne .L14
 154               		rjmp .L7
 155               	.L10:
 156               		cpi r24,lo8(3)
 157               		breq .L8
 158               		cpi r24,lo8(4)
 159               		brne .L14
 160               		rjmp .L15
DEFINED SYMBOLS
                            *ABS*:00000000 main.c
C:\Users\AMEY\AppData\Local\Temp/cc2775vm.s:2      *ABS*:0000003f __SREG__
C:\Users\AMEY\AppData\Local\Temp/cc2775vm.s:3      *ABS*:0000003e __SP_H__
C:\Users\AMEY\AppData\Local\Temp/cc2775vm.s:4      *ABS*:0000003d __SP_L__
C:\Users\AMEY\AppData\Local\Temp/cc2775vm.s:5      *ABS*:00000034 __CCP__
C:\Users\AMEY\AppData\Local\Temp/cc2775vm.s:6      *ABS*:00000000 __tmp_reg__
C:\Users\AMEY\AppData\Local\Temp/cc2775vm.s:7      *ABS*:00000001 __zero_reg__
C:\Users\AMEY\AppData\Local\Temp/cc2775vm.s:71     .text:00000000 main

NO UNDEFINED SYMBOLS
